CONNECT /static/*
CONNECT /uploads/*
DELETE  /api/v1/commentary/{list}/{id:[b-df-hj-np-tv-xz0-9]{8}}
DELETE  /api/v1/plan/{id:[b-df-hj-np-tv-xz0-9]{8}}
DELETE  /api/v1/todos/{id:[b-df-hj-np-tv-xz0-9]{8}}
DELETE  /api/v1/todos/{id:[b-df-hj-np-tv-xz0-9]{8}}/substeps/{index}
DELETE  /static/*
DELETE  /uploads/*
GET     /
GET     /account
GET     /account/password
GET     /admin/users
GET     /admin/users/new
GET     /admin/users/{id}/edit
GET     /admin/users/{id}/password
GET     /api/v1/commentary/{list}/{id:[b-df-hj-np-tv-xz0-9]{8}}
GET     /api/v1/ideas
GET     /api/v1/plan
GET     /api/v1/todos
GET     /api/v1/todos/{id:[b-df-hj-np-tv-xz0-9]{8}}
GET     /commentary/{list}/{id:[b-df-hj-np-tv-xz0-9]{8}}
GET     /digest
GET     /events
GET     /exploration
GET     /exploration/*
GET     /family
GET     /goals
GET     /house
GET     /ideas
GET     /ideas/{id:[b-df-hj-np-tv-xz0-9]{8}}
GET     /login
GET     /personal
GET     /plan/calendar
GET     /search
GET     /static/*
GET     /todos
GET     /uploads/*
HEAD    /static/*
HEAD    /uploads/*
OPTIONS /static/*
OPTIONS /uploads/*
PATCH   /static/*
PATCH   /uploads/*
POST    /account/name
POST    /account/password
POST    /admin/users/new
POST    /admin/users/{id}/delete
POST    /admin/users/{id}/edit
POST    /admin/users/{id}/password
POST    /api/v1/ideas
POST    /api/v1/ideas/{id:[b-df-hj-np-tv-xz0-9]{8}}/research
POST    /api/v1/plan/clear-carried
POST    /api/v1/plan/reorder
POST    /api/v1/todos
POST    /api/v1/todos/{id:[b-df-hj-np-tv-xz0-9]{8}}/complete
POST    /api/v1/todos/{id:[b-df-hj-np-tv-xz0-9]{8}}/substeps
POST    /api/v1/todos/{id:[b-df-hj-np-tv-xz0-9]{8}}/uncomplete
POST    /family/add
POST    /family/bulk/complete
POST    /family/bulk/delete
POST    /family/bulk/plan
POST    /family/bulk/priority
POST    /family/bulk/tag
POST    /family/{id:[b-df-hj-np-tv-xz0-9]{8}}/complete
POST    /family/{id:[b-df-hj-np-tv-xz0-9]{8}}/delete
POST    /family/{id:[b-df-hj-np-tv-xz0-9]{8}}/edit
POST    /family/{id:[b-df-hj-np-tv-xz0-9]{8}}/move
POST    /family/{id:[b-df-hj-np-tv-xz0-9]{8}}/notes
POST    /family/{id:[b-df-hj-np-tv-xz0-9]{8}}/plan
POST    /family/{id:[b-df-hj-np-tv-xz0-9]{8}}/priority
POST    /family/{id:[b-df-hj-np-tv-xz0-9]{8}}/progress
POST    /family/{id:[b-df-hj-np-tv-xz0-9]{8}}/purge
POST    /family/{id:[b-df-hj-np-tv-xz0-9]{8}}/restore
POST    /family/{id:[b-df-hj-np-tv-xz0-9]{8}}/substep/add
POST    /family/{id:[b-df-hj-np-tv-xz0-9]{8}}/substep/promote
POST    /family/{id:[b-df-hj-np-tv-xz0-9]{8}}/substep/remove
POST    /family/{id:[b-df-hj-np-tv-xz0-9]{8}}/substep/toggle
POST    /family/{id:[b-df-hj-np-tv-xz0-9]{8}}/tags
POST    /family/{id:[b-df-hj-np-tv-xz0-9]{8}}/uncomplete
POST    /house/maintenance/add
POST    /house/maintenance/{id:[b-df-hj-np-tv-xz0-9]{8}}/delete
POST    /house/maintenance/{id:[b-df-hj-np-tv-xz0-9]{8}}/edit
POST    /house/maintenance/{id:[b-df-hj-np-tv-xz0-9]{8}}/log
POST    /house/maintenance/{id:[b-df-hj-np-tv-xz0-9]{8}}/purge
POST    /house/maintenance/{id:[b-df-hj-np-tv-xz0-9]{8}}/restore
POST    /house/projects/add
POST    /house/projects/{id:[b-df-hj-np-tv-xz0-9]{8}}/complete
POST    /house/projects/{id:[b-df-hj-np-tv-xz0-9]{8}}/delete
POST    /house/projects/{id:[b-df-hj-np-tv-xz0-9]{8}}/edit
POST    /house/projects/{id:[b-df-hj-np-tv-xz0-9]{8}}/purge
POST    /house/projects/{id:[b-df-hj-np-tv-xz0-9]{8}}/restore
POST    /house/projects/{id:[b-df-hj-np-tv-xz0-9]{8}}/status
POST    /house/projects/{id:[b-df-hj-np-tv-xz0-9]{8}}/uncomplete
POST    /ideas/add
POST    /ideas/bulk/delete
POST    /ideas/bulk/triage
POST    /ideas/{id:[b-df-hj-np-tv-xz0-9]{8}}/delete
POST    /ideas/{id:[b-df-hj-np-tv-xz0-9]{8}}/edit
POST    /ideas/{id:[b-df-hj-np-tv-xz0-9]{8}}/purge
POST    /ideas/{id:[b-df-hj-np-tv-xz0-9]{8}}/restore
POST    /ideas/{id:[b-df-hj-np-tv-xz0-9]{8}}/to-task
POST    /ideas/{id:[b-df-hj-np-tv-xz0-9]{8}}/triage
POST    /login
POST    /logout
POST    /plan/bulk/clear
POST    /plan/bulk/clear-carried
POST    /plan/bulk/complete
POST    /plan/bulk/delete
POST    /plan/bulk/set
POST    /plan/bulk/tomorrow
POST    /plan/clear
POST    /plan/reorder
POST    /plan/set
POST    /plan/{id:[b-df-hj-np-tv-xz0-9]{8}}/complete
POST    /plan/{id:[b-df-hj-np-tv-xz0-9]{8}}/uncomplete
POST    /static/*
POST    /todos/add
POST    /todos/add-goal
POST    /todos/bulk/complete
POST    /todos/bulk/delete
POST    /todos/bulk/plan
POST    /todos/bulk/priority
POST    /todos/bulk/tag
POST    /todos/{id:[b-df-hj-np-tv-xz0-9]{8}}/complete
POST    /todos/{id:[b-df-hj-np-tv-xz0-9]{8}}/delete
POST    /todos/{id:[b-df-hj-np-tv-xz0-9]{8}}/edit
POST    /todos/{id:[b-df-hj-np-tv-xz0-9]{8}}/move
POST    /todos/{id:[b-df-hj-np-tv-xz0-9]{8}}/notes
POST    /todos/{id:[b-df-hj-np-tv-xz0-9]{8}}/plan
POST    /todos/{id:[b-df-hj-np-tv-xz0-9]{8}}/priority
POST    /todos/{id:[b-df-hj-np-tv-xz0-9]{8}}/progress
POST    /todos/{id:[b-df-hj-np-tv-xz0-9]{8}}/purge
POST    /todos/{id:[b-df-hj-np-tv-xz0-9]{8}}/restore
POST    /todos/{id:[b-df-hj-np-tv-xz0-9]{8}}/substep/add
POST    /todos/{id:[b-df-hj-np-tv-xz0-9]{8}}/substep/promote
POST    /todos/{id:[b-df-hj-np-tv-xz0-9]{8}}/substep/remove
POST    /todos/{id:[b-df-hj-np-tv-xz0-9]{8}}/substep/toggle
POST    /todos/{id:[b-df-hj-np-tv-xz0-9]{8}}/tags
POST    /todos/{id:[b-df-hj-np-tv-xz0-9]{8}}/uncomplete
POST    /upload
POST    /uploads/*
PUT     /api/v1/commentary/{list}/{id:[b-df-hj-np-tv-xz0-9]{8}}
PUT     /api/v1/ideas/{id:[b-df-hj-np-tv-xz0-9]{8}}/triage
PUT     /api/v1/plan/{id:[b-df-hj-np-tv-xz0-9]{8}}
PUT     /api/v1/todos/{id:[b-df-hj-np-tv-xz0-9]{8}}
PUT     /api/v1/todos/{id:[b-df-hj-np-tv-xz0-9]{8}}/priority
PUT     /api/v1/todos/{id:[b-df-hj-np-tv-xz0-9]{8}}/substeps/{index}
PUT     /api/v1/todos/{id:[b-df-hj-np-tv-xz0-9]{8}}/tags
PUT     /static/*
PUT     /uploads/*
QUERY   /static/*
QUERY   /uploads/*
TRACE   /static/*
TRACE   /uploads/*
