CONNECT /static/*
CONNECT /uploads/*
DELETE  /api/v1/commentary/{list}/{slug}
DELETE  /api/v1/plan/{slug}
DELETE  /api/v1/todos/{slug}
DELETE  /api/v1/todos/{slug}/substeps/{index}
DELETE  /static/*
DELETE  /uploads/*
GET     /
GET     /api/v1/commentary/{list}/{slug}
GET     /api/v1/ideas
GET     /api/v1/plan
GET     /api/v1/todos
GET     /api/v1/todos/{slug}
GET     /commentary/{list}/{slug}
GET     /digest
GET     /events
GET     /exploration
GET     /exploration/{slug}
GET     /family
GET     /goals
GET     /house
GET     /ideas
GET     /ideas/{slug}
GET     /personal
GET     /plan/calendar
GET     /search
GET     /static/*
GET     /todos
GET     /uploads/*
HEAD    /static/*
HEAD    /uploads/*
OPTIONS /static/*
OPTIONS /uploads/*
PATCH   /static/*
PATCH   /uploads/*
POST    /api/v1/ideas
POST    /api/v1/ideas/{slug}/research
POST    /api/v1/plan/clear-carried
POST    /api/v1/plan/reorder
POST    /api/v1/todos
POST    /api/v1/todos/{slug}/complete
POST    /api/v1/todos/{slug}/substeps
POST    /api/v1/todos/{slug}/uncomplete
POST    /family/add
POST    /family/bulk/complete
POST    /family/bulk/delete
POST    /family/bulk/plan
POST    /family/bulk/priority
POST    /family/bulk/tag
POST    /family/{slug}/complete
POST    /family/{slug}/delete
POST    /family/{slug}/edit
POST    /family/{slug}/move
POST    /family/{slug}/notes
POST    /family/{slug}/plan
POST    /family/{slug}/priority
POST    /family/{slug}/progress
POST    /family/{slug}/purge
POST    /family/{slug}/restore
POST    /family/{slug}/substep/add
POST    /family/{slug}/substep/promote
POST    /family/{slug}/substep/remove
POST    /family/{slug}/substep/toggle
POST    /family/{slug}/tags
POST    /family/{slug}/uncomplete
POST    /house/maintenance/add
POST    /house/maintenance/{slug}/delete
POST    /house/maintenance/{slug}/edit
POST    /house/maintenance/{slug}/log
POST    /house/maintenance/{slug}/purge
POST    /house/maintenance/{slug}/restore
POST    /house/projects/add
POST    /house/projects/{slug}/complete
POST    /house/projects/{slug}/delete
POST    /house/projects/{slug}/edit
POST    /house/projects/{slug}/purge
POST    /house/projects/{slug}/restore
POST    /house/projects/{slug}/status
POST    /house/projects/{slug}/uncomplete
POST    /ideas/add
POST    /ideas/bulk/delete
POST    /ideas/bulk/triage
POST    /ideas/{slug}/delete
POST    /ideas/{slug}/edit
POST    /ideas/{slug}/purge
POST    /ideas/{slug}/restore
POST    /ideas/{slug}/to-task
POST    /ideas/{slug}/triage
POST    /plan/bulk/clear-carried
POST    /plan/bulk/set
POST    /plan/clear
POST    /plan/reorder
POST    /plan/set
POST    /plan/{slug}/complete
POST    /static/*
POST    /todos/add
POST    /todos/add-goal
POST    /todos/bulk/complete
POST    /todos/bulk/delete
POST    /todos/bulk/plan
POST    /todos/bulk/priority
POST    /todos/bulk/tag
POST    /todos/{slug}/complete
POST    /todos/{slug}/delete
POST    /todos/{slug}/edit
POST    /todos/{slug}/move
POST    /todos/{slug}/notes
POST    /todos/{slug}/plan
POST    /todos/{slug}/priority
POST    /todos/{slug}/progress
POST    /todos/{slug}/purge
POST    /todos/{slug}/restore
POST    /todos/{slug}/substep/add
POST    /todos/{slug}/substep/promote
POST    /todos/{slug}/substep/remove
POST    /todos/{slug}/substep/toggle
POST    /todos/{slug}/tags
POST    /todos/{slug}/uncomplete
POST    /upload
POST    /uploads/*
PUT     /api/v1/commentary/{list}/{slug}
PUT     /api/v1/ideas/{slug}/triage
PUT     /api/v1/plan/{slug}
PUT     /api/v1/todos/{slug}
PUT     /api/v1/todos/{slug}/priority
PUT     /api/v1/todos/{slug}/substeps/{index}
PUT     /api/v1/todos/{slug}/tags
PUT     /static/*
PUT     /uploads/*
QUERY   /static/*
QUERY   /uploads/*
TRACE   /static/*
TRACE   /uploads/*
